// Vitest Snapshot v1, https://vitest.dev/guide/snapshot.html

exports[`тартиби қадамҳо > 01-words-only-no-recall.input.json 1`] = `
[
  " 1. say       cmticvq1q002b3p55hvk",
  " 2. say       cmticvq5f003y27ryv2j",
  " 3. translate cmticvq1q002b3p55hvk",
  " 4. translate cmticvq5f003y27ryv2j",
  " 5. say       cmticvq90004hfh4jyxt",
  " 6. say       cmticvqcj005wyhbshgc",
  " 7. translate cmticvq90004hfh4jyxt",
  " 8. translate cmticvqcj005wyhbshgc",
]
`;

exports[`тартиби қадамҳо > 02-sentences-only-recall.input.json 1`] = `
[
  " 1. translate cmticvrax00clde4gqn2",
  " 2. translate cmticvree00dwfavxqjt",
  " 3. translate cmticvrrv00e4rrfbybv",
  " 4. translate cmticvs5g00fbx6s2lk5",
  " 5. translate cmticvs8y00gbx9t3tnf",
  " 6. translate cmticvscg00h8c8h3x6n",
  " 7. recall    cmticvs8y00gbx9t3tnf",
  " 8. recall    cmticvscg00h8c8h3x6n",
]
`;

exports[`тартиби қадамҳо > 03-mixed-repeat-boundary.input.json 1`] = `
[
  " 1. say       cmticvsjf00jcbdim4on",
  " 2. say       cmticvsmw00kkkt9peey",
  " 3. translate cmticvsjf00jcbdim4on",
  " 4. translate cmticvsmw00kkkt9peey",
  " 5. say       cmticvsqd00l6md3emty",
  " 6. translate cmticvstv00mnizfhbl8",
  " 7. translate cmticvsqd00l6md3emty",
  " 8. translate cmticvsxb00n4bwt0msw",
  " 9. translate cmticvt0s00ovsrvtk3e",
  "10. recall    cmticvsxb00n4bwt0msw",
  "11. recall    cmticvt0s00ovsrvtk3e",
]
`;

exports[`тартиби қадамҳо > 04-ordering-food-with-cue.input.json 1`] = `
[
  " 1. say       seed:ordering_food_en_tg:L2:I0",
  " 2. say       seed:ordering_food_en_tg:L2:I1",
  " 3. translate seed:ordering_food_en_tg:L2:I0",
  " 4. translate seed:ordering_food_en_tg:L2:I1",
  " 5. say       seed:ordering_food_en_tg:L2:I2",
  " 6. translate seed:ordering_food_en_tg:L2:I3",
  " 7. translate seed:ordering_food_en_tg:L2:I2",
  " 8. translate seed:ordering_food_en_tg:L2:I4",
  " 9. translate seed:ordering_food_en_tg:L2:I5",
  "10. translate seed:ordering_food_en_tg:L2:I6",
  "11. say       seed:ordering_food_en_tg:L2:I7",
  "12. say       seed:ordering_food_en_tg:L2:I8",
  "13. translate seed:ordering_food_en_tg:L2:I7",
  "14. translate seed:ordering_food_en_tg:L2:I8",
  "15. translate seed:ordering_food_en_tg:L2:I9",
  "16. recall    seed:ordering_food_en_tg:L2:I6",
  "17. recall    seed:ordering_food_en_tg:L2:I9",
]
`;

exports[`тартиби қадамҳо > 05-largest-mixed-cue.input.json 1`] = `
[
  " 1. say       seed:family_people_en_tg:L0:I0",
  " 2. say       seed:family_people_en_tg:L0:I1",
  " 3. translate seed:family_people_en_tg:L0:I0",
  " 4. translate seed:family_people_en_tg:L0:I1",
  " 5. say       seed:family_people_en_tg:L0:I2",
  " 6. translate seed:family_people_en_tg:L0:I3",
  " 7. translate seed:family_people_en_tg:L0:I2",
  " 8. translate seed:family_people_en_tg:L0:I4",
  " 9. say       seed:family_people_en_tg:L0:I5",
  "10. say       seed:family_people_en_tg:L0:I6",
  "11. translate seed:family_people_en_tg:L0:I5",
  "12. translate seed:family_people_en_tg:L0:I6",
  "13. say       seed:family_people_en_tg:L0:I7",
  "14. translate seed:family_people_en_tg:L0:I8",
  "15. translate seed:family_people_en_tg:L0:I7",
  "16. translate seed:family_people_en_tg:L0:I9",
  "17. say       seed:family_people_en_tg:L0:I10",
  "18. translate seed:family_people_en_tg:L0:I11",
  "19. translate seed:family_people_en_tg:L0:I10",
  "20. recall    seed:family_people_en_tg:L0:I9",
  "21. recall    seed:family_people_en_tg:L0:I11",
]
`;

exports[`тартиби қадамҳо > 06-long-sentence-synthetic.input.json 1`] = `
[
  " 1. say       synthetic:long-sentence:I0",
  " 2. say       synthetic:long-sentence:I1",
  " 3. translate synthetic:long-sentence:I0",
  " 4. translate synthetic:long-sentence:I2",
  " 5. translate synthetic:long-sentence:I3",
  " 6. translate synthetic:long-sentence:I4",
  " 7. recall    synthetic:long-sentence:I3",
  " 8. recall    synthetic:long-sentence:I4",
]
`;
